******************************************************************************
                  MSP430 Linker PC v4.0.0                      
******************************************************************************
>> Linked Thu May 31 10:12:36 2012

OUTPUT FILE NAME:   <ServoI2C.out>
ENTRY POINT SYMBOL: "_c_int00"  address: 0000c28e


MEMORY CONFIGURATION

         name            origin    length      used     unused   attr    fill
----------------------  --------  ---------  --------  --------  ----  --------
  SFR                   00000000   00000010  00000000  00000010  RWIX
  PERIPHERALS_8BIT      00000010   000000f0  00000000  000000f0  RWIX
  PERIPHERALS_16BIT     00000100   00000100  00000000  00000100  RWIX
  RAM                   00000200   00000200  00000160  000000a0  RWIX
  INFOD                 00001000   00000040  00000000  00000040  RWIX
  INFOC                 00001040   00000040  00000000  00000040  RWIX
  INFOB                 00001080   00000040  00000000  00000040  RWIX
  INFOA                 000010c0   00000040  00000000  00000040  RWIX
  FLASH                 0000c000   00003fe0  000003c0  00003c20  RWIX
  INT00                 0000ffe0   00000002  00000000  00000002  RWIX
  INT01                 0000ffe2   00000002  00000000  00000002  RWIX
  INT02                 0000ffe4   00000002  00000000  00000002  RWIX
  INT03                 0000ffe6   00000002  00000000  00000002  RWIX
  INT04                 0000ffe8   00000002  00000000  00000002  RWIX
  INT05                 0000ffea   00000002  00000000  00000002  RWIX
  INT06                 0000ffec   00000002  00000002  00000000  RWIX
  INT07                 0000ffee   00000002  00000000  00000002  RWIX
  INT08                 0000fff0   00000002  00000000  00000002  RWIX
  INT09                 0000fff2   00000002  00000002  00000000  RWIX
  INT10                 0000fff4   00000002  00000000  00000002  RWIX
  INT11                 0000fff6   00000002  00000000  00000002  RWIX
  INT12                 0000fff8   00000002  00000000  00000002  RWIX
  INT13                 0000fffa   00000002  00000000  00000002  RWIX
  INT14                 0000fffc   00000002  00000000  00000002  RWIX
  RESET                 0000fffe   00000002  00000002  00000000  RWIX


SECTION ALLOCATION MAP

 output                                  attributes/
section   page    origin      length       input sections
--------  ----  ----------  ----------   ----------------
xdc.meta   0    00000000    000000ed     COPY SECTION
                  00000000    000000ed     main_p430.o430 (xdc.meta)

.pinit     0    0000c000    00000000     UNINITIALIZED

.bss       0    00000200    00000120     UNINITIALIZED
                  00000200    00000117     main.obj (.bss)
                  00000317    00000001     --HOLE--
                  00000318    00000004     rts430.lib : _lock.obj (.bss)
                  0000031c    00000004     ti.targets.msp430.rts430.a430 : boot.o430 (.bss)

.stack     0    000003c0    00000040     UNINITIALIZED
                  000003c0    00000002     ti.targets.msp430.rts430.a430 : boot.o430 (.stack)
                  000003c2    0000003e     --HOLE--

.text      0    0000c000    00000394     
                  0000c000    00000136     main.obj (.text:main)
                  0000c136    00000052     ti.targets.msp430.rts430.a430 : autoinit.o430 (.text:_auto_init)
                  0000c188    00000050     main.obj (.text:i2cRcvInt)
                  0000c1d8    0000004e     main.obj (.text:mSecInt)
                  0000c226    00000034     csl.lib : BCSplus_init.obj (.text:BCSplus_init)
                  0000c25a    00000034             : GPIO_init.obj (.text:GPIO_init)
                  0000c28e    00000032     ti.targets.msp430.rts430.a430 : boot.o430 (.text:_c_int00_noexit)
                  0000c2c0    0000002c     rts430.lib : lsl16.obj (.text)
                  0000c2ec    0000002a     ti.targets.msp430.rts430.a430 : pre_init.o430 (.text:_system_pre_init)
                  0000c316    00000020     csl.lib : CSL_init.obj (.text:CSL_init)
                  0000c336    0000001c             : USCI_B0_init.obj (.text:USCI_B0_init)
                  0000c352    00000012     rts430.lib : memcpy.obj (.text:memcpy)
                  0000c364    00000010                : epilog.obj (.text)
                  0000c374    0000000e     csl.lib : Timer0_A3_init.obj (.text:Timer0_A3_init)
                  0000c382    00000008             : WDTplus_init.obj (.text:WDTplus_init)
                  0000c38a    00000004             : System_init.obj (.text:System_init)
                  0000c38e    00000004     rts430.lib : exit.obj (.text:abort)
                  0000c392    00000002                : _lock.obj (.text:_nop)

.cinit     0    0000c394    0000002c     
                  0000c394    00000029     main.obj (.cinit)
                  0000c3bd    00000001     --HOLE-- [fill = 0]
                  0000c3be    00000002     (.pad.cinit) [fill = 0]

.int06     0    0000ffec    00000002     
                  0000ffec    00000002     main.obj (.int06)

.int09     0    0000fff2    00000002     
                  0000fff2    00000002     main.obj (.int09)

.reset     0    0000fffe    00000002     
                  0000fffe    00000002     ti.targets.msp430.rts430.a430 : boot.o430 (.reset)


GLOBAL SYMBOLS: SORTED ALPHABETICALLY BY Name 

address    name
--------   ----
00000200   .bss
0000c000   .text
0000004a   ADC10AE0
000001b0   ADC10CTL0
000001b2   ADC10CTL1
00000048   ADC10DTC0
00000049   ADC10DTC1
000001b4   ADC10MEM
000001bc   ADC10SA
00000057   BCSCTL1
00000058   BCSCTL2
00000053   BCSCTL3
0000c226   BCSplus_init
0000c38e   C$$EXIT
00000059   CACTL1
0000005a   CACTL2
000010fb   CALBC1_12MHZ
000010f9   CALBC1_16MHZ
000010ff   CALBC1_1MHZ
000010fd   CALBC1_8MHZ
000010fa   CALDCO_12MHZ
000010f8   CALDCO_16MHZ
000010fe   CALDCO_1MHZ
000010fc   CALDCO_8MHZ
0000005b   CAPD
0000c316   CSL_init
00000056   DCOCTL
00000128   FCTL1
0000012a   FCTL2
0000012c   FCTL3
0000c25a   GPIO_init
00000000   IE1
00000001   IE2
00000002   IFG1
00000003   IFG2
0000c2c0   I_LSL
0000c2e8   I_LSL_1
0000c2d6   I_LSL_10
0000c2d4   I_LSL_11
0000c2d2   I_LSL_12
0000c2d0   I_LSL_13
0000c2ce   I_LSL_14
0000c2cc   I_LSL_15
0000c2e6   I_LSL_2
0000c2e4   I_LSL_3
0000c2e2   I_LSL_4
0000c2e0   I_LSL_5
0000c2de   I_LSL_6
0000c2dc   I_LSL_7
0000c2da   I_LSL_8
0000c2d8   I_LSL_9
00000022   P1DIR
00000025   P1IE
00000024   P1IES
00000023   P1IFG
00000020   P1IN
00000021   P1OUT
00000027   P1REN
00000026   P1SEL
00000041   P1SEL2
0000002a   P2DIR
0000002d   P2IE
0000002c   P2IES
0000002b   P2IFG
00000028   P2IN
00000029   P2OUT
0000002f   P2REN
0000002e   P2SEL
00000042   P2SEL2
0000001a   P3DIR
00000018   P3IN
00000019   P3OUT
00000010   P3REN
0000001b   P3SEL
00000043   P3SEL2
0000c38a   System_init
00000172   TA0CCR0
00000174   TA0CCR1
00000176   TA0CCR2
00000162   TA0CCTL0
00000164   TA0CCTL1
00000166   TA0CCTL2
00000160   TA0CTL
0000012e   TA0IV
00000170   TA0R
00000192   TA1CCR0
00000194   TA1CCR1
00000196   TA1CCR2
00000182   TA1CCTL0
00000184   TA1CCTL1
00000186   TA1CCTL2
00000180   TA1CTL
0000011e   TA1IV
00000190   TA1R
0000c374   Timer0_A3_init
0000005d   UCA0ABCTL
00000062   UCA0BR0
00000063   UCA0BR1
00000060   UCA0CTL0
00000061   UCA0CTL1
0000005f   UCA0IRRCTL
0000005e   UCA0IRTCTL
00000064   UCA0MCTL
00000066   UCA0RXBUF
00000065   UCA0STAT
00000067   UCA0TXBUF
0000006a   UCB0BR0
0000006b   UCB0BR1
00000068   UCB0CTL0
00000069   UCB0CTL1
0000006c   UCB0I2CIE
00000118   UCB0I2COA
0000011a   UCB0I2CSA
0000006e   UCB0RXBUF
0000006d   UCB0STAT
0000006f   UCB0TXBUF
0000c336   USCI_B0_init
00000120   WDTCTL
0000c382   WDTplus_init
00000000   __ASM__
00000068   __ISA__
0000007a   __PLAT__
00000400   __STACK_END
00000040   __STACK_SIZE
0000009e   __TARG__
00000001   __TI_args_main
00000001   __TI_auto_init
00000001   __TI_exit
000000c6   __TRDR__
ffffffff   __binit__
00000200   __bss__
ffffffff   __c_args__
0000c394   __cinit__
00000320   __end__
0000c394   __etext__
ffffffff   __pinit__
0000c000   __text__
0000c136   _auto_init
0000c28e   _c_int00
0000c28e   _c_int00_noexit
0000031c   _cleanup_ptr
0000031e   _dtors_ptr
00000318   _lock
0000c392   _nop
0000fffe   _reset_vector
000003c0   _stack
0000c2ec   _system_pre_init
0000031a   _unlock
0000c38e   abort
ffffffff   binit
0000c394   cinit
00000320   end
0000c394   etext
0000c370   func_epilog_1
0000c36e   func_epilog_2
0000c36c   func_epilog_3
0000c36a   func_epilog_4
0000c368   func_epilog_5
0000c366   func_epilog_6
0000c364   func_epilog_7
0000c188   i2cRcvInt
00000200   i2cState
0000c1d8   mSecInt
0000c000   main
0000c352   memcpy
00000210   msecCnt
00000215   ngFlag
ffffffff   pinit
00000214   pulseFlag
00000202   pwmState
0000020e   srvNum
00000204   srvVals
00000216   srvs
00000213   startUpdateFlag
00000212   updateFlag
00000000   xdc_runtime_Startup__EXECFXN__C
00000000   xdc_runtime_Startup__RESETFXN__C
00000000   xdc_runtime_Startup_exec__E
00000000   xdc_runtime_Startup_reset__I


GLOBAL SYMBOLS: SORTED BY Symbol Address 

address    name
--------   ----
00000000   IE1
00000000   __ASM__
00000000   xdc_runtime_Startup__EXECFXN__C
00000000   xdc_runtime_Startup__RESETFXN__C
00000000   xdc_runtime_Startup_exec__E
00000000   xdc_runtime_Startup_reset__I
00000001   IE2
00000001   __TI_args_main
00000001   __TI_auto_init
00000001   __TI_exit
00000002   IFG1
00000003   IFG2
00000010   P3REN
00000018   P3IN
00000019   P3OUT
0000001a   P3DIR
0000001b   P3SEL
00000020   P1IN
00000021   P1OUT
00000022   P1DIR
00000023   P1IFG
00000024   P1IES
00000025   P1IE
00000026   P1SEL
00000027   P1REN
00000028   P2IN
00000029   P2OUT
0000002a   P2DIR
0000002b   P2IFG
0000002c   P2IES
0000002d   P2IE
0000002e   P2SEL
0000002f   P2REN
00000040   __STACK_SIZE
00000041   P1SEL2
00000042   P2SEL2
00000043   P3SEL2
00000048   ADC10DTC0
00000049   ADC10DTC1
0000004a   ADC10AE0
00000053   BCSCTL3
00000056   DCOCTL
00000057   BCSCTL1
00000058   BCSCTL2
00000059   CACTL1
0000005a   CACTL2
0000005b   CAPD
0000005d   UCA0ABCTL
0000005e   UCA0IRTCTL
0000005f   UCA0IRRCTL
00000060   UCA0CTL0
00000061   UCA0CTL1
00000062   UCA0BR0
00000063   UCA0BR1
00000064   UCA0MCTL
00000065   UCA0STAT
00000066   UCA0RXBUF
00000067   UCA0TXBUF
00000068   UCB0CTL0
00000068   __ISA__
00000069   UCB0CTL1
0000006a   UCB0BR0
0000006b   UCB0BR1
0000006c   UCB0I2CIE
0000006d   UCB0STAT
0000006e   UCB0RXBUF
0000006f   UCB0TXBUF
0000007a   __PLAT__
0000009e   __TARG__
000000c6   __TRDR__
00000118   UCB0I2COA
0000011a   UCB0I2CSA
0000011e   TA1IV
00000120   WDTCTL
00000128   FCTL1
0000012a   FCTL2
0000012c   FCTL3
0000012e   TA0IV
00000160   TA0CTL
00000162   TA0CCTL0
00000164   TA0CCTL1
00000166   TA0CCTL2
00000170   TA0R
00000172   TA0CCR0
00000174   TA0CCR1
00000176   TA0CCR2
00000180   TA1CTL
00000182   TA1CCTL0
00000184   TA1CCTL1
00000186   TA1CCTL2
00000190   TA1R
00000192   TA1CCR0
00000194   TA1CCR1
00000196   TA1CCR2
000001b0   ADC10CTL0
000001b2   ADC10CTL1
000001b4   ADC10MEM
000001bc   ADC10SA
00000200   .bss
00000200   __bss__
00000200   i2cState
00000202   pwmState
00000204   srvVals
0000020e   srvNum
00000210   msecCnt
00000212   updateFlag
00000213   startUpdateFlag
00000214   pulseFlag
00000215   ngFlag
00000216   srvs
00000318   _lock
0000031a   _unlock
0000031c   _cleanup_ptr
0000031e   _dtors_ptr
00000320   __end__
00000320   end
000003c0   _stack
00000400   __STACK_END
000010f8   CALDCO_16MHZ
000010f9   CALBC1_16MHZ
000010fa   CALDCO_12MHZ
000010fb   CALBC1_12MHZ
000010fc   CALDCO_8MHZ
000010fd   CALBC1_8MHZ
000010fe   CALDCO_1MHZ
000010ff   CALBC1_1MHZ
0000c000   .text
0000c000   __text__
0000c000   main
0000c136   _auto_init
0000c188   i2cRcvInt
0000c1d8   mSecInt
0000c226   BCSplus_init
0000c25a   GPIO_init
0000c28e   _c_int00
0000c28e   _c_int00_noexit
0000c2c0   I_LSL
0000c2cc   I_LSL_15
0000c2ce   I_LSL_14
0000c2d0   I_LSL_13
0000c2d2   I_LSL_12
0000c2d4   I_LSL_11
0000c2d6   I_LSL_10
0000c2d8   I_LSL_9
0000c2da   I_LSL_8
0000c2dc   I_LSL_7
0000c2de   I_LSL_6
0000c2e0   I_LSL_5
0000c2e2   I_LSL_4
0000c2e4   I_LSL_3
0000c2e6   I_LSL_2
0000c2e8   I_LSL_1
0000c2ec   _system_pre_init
0000c316   CSL_init
0000c336   USCI_B0_init
0000c352   memcpy
0000c364   func_epilog_7
0000c366   func_epilog_6
0000c368   func_epilog_5
0000c36a   func_epilog_4
0000c36c   func_epilog_3
0000c36e   func_epilog_2
0000c370   func_epilog_1
0000c374   Timer0_A3_init
0000c382   WDTplus_init
0000c38a   System_init
0000c38e   C$$EXIT
0000c38e   abort
0000c392   _nop
0000c394   __cinit__
0000c394   __etext__
0000c394   cinit
0000c394   etext
0000fffe   _reset_vector
ffffffff   __binit__
ffffffff   __c_args__
ffffffff   __pinit__
ffffffff   binit
ffffffff   pinit

[179 symbols]
